 板块名单 的 可下载方法有： ['城投平台大全', '全部发行人融资统计', '城投发行人融资统计', '东财房地产发行人融资统计']
 违约下载 的 可下载方法有： ['违约下载']
 平台为主体下载 的 可下载方法有： ['平台财务', '平台舆情', '平台发债']
 债券为主体下载 的 可下载方法有： ['单债券行情', '单债券舆情', '单债券的发行人财务']
开始，现在是 2024年06月23号，00点01分02秒
城投平台大全 成功保存到 /home/tongjisem/Mzb/CH爬虫数据/板块成分/城投平台大全2024-06-23.xlsx
城投平台大全2024-06-16.xlsx 删除 
现在是 2024年06月23号，00点01分04秒
全部发行人融资统计 成功保存到 /home/tongjisem/Mzb/CH爬虫数据/板块成分/全部发行人融资统计2024-06-23.xlsx
全部发行人融资统计2024-06-16.xlsx 删除 
现在是 2024年06月23号，00点01分08秒
城投发行人融资统计 成功保存到 /home/tongjisem/Mzb/CH爬虫数据/板块成分/城投发行人融资统计2024-06-23.xlsx
城投发行人融资统计2024-06-16.xlsx 删除 
现在是 2024年06月23号，00点01分10秒
东财房地产发行人融资统计 成功保存到 /home/tongjisem/Mzb/CH爬虫数据/板块成分/东财房地产发行人融资统计2024-06-23.xlsx
东财房地产发行人融资统计2024-06-16.xlsx 删除 
现在是 2024年06月23号，00点01分10秒
违约下载 成功保存到 /home/tongjisem/Mzb/CH爬虫数据/违约/违约下载2024-06-23.xlsx
违约下载2024-06-16.xlsx删除 现在是 2024年06月23号，00点01分11秒
现在是 2024年06月23号，00点01分23秒
现在是 2024年06月23号，00点40分08秒
现在是 2024年06月23号，01点02分20秒
msg: 双表查询，第一张表数量不超过50条 双表查询，第一张表数量不超过50条
- fail 现在是 2024年06月23号，09点01分46秒
msg: 服务器繁忙 服务器繁忙
- fail 现在是 2024年06月23号，13点35分59秒
msg: 双表查询，第一张表数量不超过50条 双表查询，第一张表数量不超过50条
- fail 现在是 2024年06月23号，13点40分14秒
完成，现在是 2024年06月23号，13点40分14秒
